C:/TouchGFXProjects/Masters_2/Core/Src/main.c:1643:6:StartDefaultTask	1
C:/TouchGFXProjects/Masters_2/Core/Src/main.c:1524:16:QSPI_WriteEnable.constprop	2
C:/TouchGFXProjects/Masters_2/Core/Src/main.c:270:6:SystemClock_Config	1
C:/TouchGFXProjects/Masters_2/Core/Src/main.c:561:6:MX_I2C4_Init	1
C:/TouchGFXProjects/Masters_2/Core/Src/main.c:158:5:main	30
C:/TouchGFXProjects/Masters_2/Core/Src/main.c:1013:6:HAL_ADC_ConvCpltCallback	1
C:/TouchGFXProjects/Masters_2/Core/Src/main.c:1732:6:HAL_TIM_PeriodElapsedCallback	2
C:/TouchGFXProjects/Masters_2/Core/Src/main.c:1749:6:Error_Handler	1
