C:/TouchGFXProjects/Masters_2/Core/Src/stm32f7xx_hal_msp.c:69:6:HAL_MspInit	8	static
C:/TouchGFXProjects/Masters_2/Core/Src/stm32f7xx_hal_msp.c:94:6:HAL_ADC_MspInit	40	static
C:/TouchGFXProjects/Masters_2/Core/Src/stm32f7xx_hal_msp.c:130:6:HAL_ADC_MspDeInit	8	static
C:/TouchGFXProjects/Masters_2/Core/Src/stm32f7xx_hal_msp.c:160:6:HAL_CRC_MspInit	8	static
C:/TouchGFXProjects/Masters_2/Core/Src/stm32f7xx_hal_msp.c:182:6:HAL_CRC_MspDeInit	0	static
C:/TouchGFXProjects/Masters_2/Core/Src/stm32f7xx_hal_msp.c:204:6:HAL_DMA2D_MspInit	16	static
C:/TouchGFXProjects/Masters_2/Core/Src/stm32f7xx_hal_msp.c:229:6:HAL_DMA2D_MspDeInit	0	static
C:/TouchGFXProjects/Masters_2/Core/Src/stm32f7xx_hal_msp.c:254:6:HAL_DSI_MspInit	40	static
C:/TouchGFXProjects/Masters_2/Core/Src/stm32f7xx_hal_msp.c:292:6:HAL_DSI_MspDeInit	8	static
C:/TouchGFXProjects/Masters_2/Core/Src/stm32f7xx_hal_msp.c:322:6:HAL_I2C_MspInit	200	static
C:/TouchGFXProjects/Masters_2/Core/Src/stm32f7xx_hal_msp.c:379:6:HAL_I2C_MspDeInit	8	static
C:/TouchGFXProjects/Masters_2/Core/Src/stm32f7xx_hal_msp.c:412:6:HAL_JPEG_MspInit	24	static
C:/TouchGFXProjects/Masters_2/Core/Src/stm32f7xx_hal_msp.c:481:6:HAL_JPEG_MspDeInit	8	static
C:/TouchGFXProjects/Masters_2/Core/Src/stm32f7xx_hal_msp.c:510:6:HAL_LTDC_MspInit	160	static
C:/TouchGFXProjects/Masters_2/Core/Src/stm32f7xx_hal_msp.c:551:6:HAL_LTDC_MspDeInit	0	static
C:/TouchGFXProjects/Masters_2/Core/Src/stm32f7xx_hal_msp.c:576:6:HAL_QSPI_MspInit	64	static
C:/TouchGFXProjects/Masters_2/Core/Src/stm32f7xx_hal_msp.c:649:6:HAL_QSPI_MspDeInit	8	static
C:/TouchGFXProjects/Masters_2/Core/Src/stm32f7xx_hal_msp.c:690:6:HAL_TIM_PWM_MspInit	8	static
C:/TouchGFXProjects/Masters_2/Core/Src/stm32f7xx_hal_msp.c:706:6:HAL_TIM_MspPostInit	32	static
C:/TouchGFXProjects/Masters_2/Core/Src/stm32f7xx_hal_msp.c:738:6:HAL_TIM_PWM_MspDeInit	0	static
C:/TouchGFXProjects/Masters_2/Core/Src/stm32f7xx_hal_msp.c:884:6:HAL_SDRAM_MspInit	48	static
C:/TouchGFXProjects/Masters_2/Core/Src/stm32f7xx_hal_msp.c:992:6:HAL_SDRAM_MspDeInit	8	static
C:/TouchGFXProjects/Masters_2/Core/Src/stm32f7xx_hal_msp.c:1012:6:BSP_QSPI_MspInit	0	static
C:/TouchGFXProjects/Masters_2/Core/Src/stm32f7xx_hal_msp.c:1026:6:BSP_QSPI_MspDeInit	0	static
C:/TouchGFXProjects/Masters_2/Core/Src/stm32f7xx_hal_msp.c:1039:6:BSP_SDRAM_MspInit	0	static
C:/TouchGFXProjects/Masters_2/Core/Src/stm32f7xx_hal_msp.c:1052:6:BSP_SDRAM_MspDeInit	0	static
